alpha
array_buffer
always
back
blend
bool
bool_vec2
bool_vec3
bool_vec4
byte
ccw
clamp_to_edge
color_attachment0
color_attachment1
color_attachment2
color_attachment3
color_attachment4
color_attachment5
color_attachment6
color_attachment7
color_attachment8
color_attachment9
color_attachment10
color_attachment11
color_attachment12
color_attachment13
color_attachment14
color_attachment15
color_buffer			GL_COLOR_BUFFER_BIT
compare_ref_to_texture
constant_alpha
constant_color
cull_face
cw
decr
decr_wrap
depth_attachment
depth_buffer			GL_DEPTH_BUFFER_BIT
depth24_stencil8
depth_component
depth_component16
depth_component24
depth_stencil
depth_test
dither
dst_alpha
dst_color
dynamic_draw
element_array_buffer
equal
float
float_mat2
float_mat3
float_mat4
float_vec2
float_vec3
float_vec4
fragment_shader
framebuffer
framebuffer_complete
framebuffer_incomplete_attachment
framebuffer_incomplete_dimensions
framebuffer_incomplete_missing_attachment
framebuffer_unsupported
front
front_and_back
func_add
func_reverse_subtract
func_subtract
gequal
greater
incr
incr_wrap
int
int_vec2
int_vec3
int_vec4
invalid_enum
invalid_framebuffer_operation
invalid_operation
invalid_value
invert
keep
lequal
less
linear
linear_mipmap_linear
linear_mipmap_nearest
line_loop
lines
line_strip
luminance
luminance_alpha
nearest
nearest_mipmap_linear
nearest_mipmap_nearest
never
no_error
none
notequal
one
one_minus_constant_alpha
one_minus_constant_color
one_minus_dst_alpha
one_minus_dst_color
one_minus_src_alpha
one_minus_src_color
out_of_memory
points
polygon_offset_fill
renderbuffer
repeat
replace
rgb
rgb565
rgb5_a1
rgba
rgba4
sample_alpha_to_coverage
sample_coverage
sampler_2d
sampler_2d_shadow
sampler_3d
sampler_cube
scissor_test
short
src_alpha
src_alpha_saturate
src_color
static_draw
stencil_attachment
stencil_buffer			GL_STENCIL_BUFFER_BIT
stencil_index8
stencil_test
stream_draw
texture_2d
texture_compare_mode
texture_cube_map
texture_cube_map_negative_x
texture_cube_map_negative_y
texture_cube_map_negative_z
texture_cube_map_positive_x
texture_cube_map_positive_y
texture_cube_map_positive_z
texture_mag_filter
texture_min_filter
texture_wrap_s
texture_wrap_t
triangle_fan
triangles
triangle_strip
ubyte				GL_UNSIGNED_BYTE
ushort				GL_UNSIGNED_SHORT
uint				GL_UNSIGNED_INT
vertex_shader
zero
